// Jest Snapshot v1, https://goo.gl/fbAQLP

exports[`parsePowerPlays should error if out of order 1`] = `undefined`;
